This is pdfTeX, Version 3.141592653-2.6-1.40.29 (MiKTeX 26.1) (preloaded format=pdflatex 2026.2.13)  8 JUN 2026 15:03
entering extended mode
 restricted \write18 enabled.
 file:line:error style messages enabled.
 %&-line parsing enabled.
**c:/Users/samer/Desktop/NANO/ANT-Quantum-Imaging/Documentation/Thesis/Thesis.tex
(c:/Users/samer/Desktop/NANO/ANT-Quantum-Imaging/Documentation/Thesis/Thesis.tex
LaTeX2e <2025-11-01>
L3 programming layer <2026-01-19>
(C:\Users\samer\AppData\Local\Programs\MiKTeX\tex/latex/base\article.cls
Document Class: article 2025/01/22 v1.4n Standard LaTeX document class
(C:\Users\samer\AppData\Local\Programs\MiKTeX\tex/latex/base\size12.clo
File: size12.clo 2025/01/22 v1.4n Standard LaTeX file (size option)
)
\c@part=\count275
\c@section=\count276
\c@subsection=\count277
\c@subsubsection=\count278
\c@paragraph=\count279
\c@subparagraph=\count280
\c@figure=\count281
\c@table=\count282
\abovecaptionskip=\skip49
\belowcaptionskip=\skip50
\bibindent=\dimen148
) (C:\Users\samer\AppData\Local\Programs\MiKTeX\tex/latex/geometry\geometry.sty
Package: geometry 2020/01/02 v5.9 Page Geometry
 (C:\Users\samer\AppData\Local\Programs\MiKTeX\tex/latex/graphics\keyval.sty
Package: keyval 2022/05/29 v1.15 key=value parser (DPC)
\KV@toks@=\toks17
) (C:\Users\samer\AppData\Local\Programs\MiKTeX\tex/generic/iftex\ifvtex.sty
Package: ifvtex 2019/10/25 v1.7 ifvtex legacy package. Use iftex instead.
 (C:\Users\samer\AppData\Local\Programs\MiKTeX\tex/generic/iftex\iftex.sty
Package: iftex 2024/12/12 v1.0g TeX engine tests
))
\Gm@cnth=\count283
\Gm@cntv=\count284
\c@Gm@tempcnt=\count285
\Gm@bindingoffset=\dimen149
\Gm@wd@mp=\dimen150
\Gm@odd@mp=\dimen151
\Gm@even@mp=\dimen152
\Gm@layoutwidth=\dimen153
\Gm@layoutheight=\dimen154
\Gm@layouthoffset=\dimen155
\Gm@layoutvoffset=\dimen156
\Gm@dimlist=\toks18
 (C:\Users\samer\AppData\Local\Programs\MiKTeX\tex/latex/geometry\geometry.cfg)) (C:\Users\samer\AppData\Local\Programs\MiKTeX\tex/latex/setspace\setspace.sty
Package: setspace 2022/12/04 v6.7b set line spacing
) (C:\Users\samer\AppData\Local\Programs\MiKTeX\tex/latex/graphics\graphicx.sty
Package: graphicx 2024/12/31 v1.2e Enhanced LaTeX Graphics (DPC,SPQR)
 (C:\Users\samer\AppData\Local\Programs\MiKTeX\tex/latex/graphics\graphics.sty
Package: graphics 2024/08/06 v1.4g Standard LaTeX Graphics (DPC,SPQR)
 (C:\Users\samer\AppData\Local\Programs\MiKTeX\tex/latex/graphics\trig.sty
Package: trig 2023/12/02 v1.11 sin cos tan (DPC)
) (C:\Users\samer\AppData\Local\Programs\MiKTeX\tex/latex/graphics-cfg\graphics.cfg
File: graphics.cfg 2016/06/04 v1.11 sample graphics configuration
)
Package graphics Info: Driver file: pdftex.def on input line 106.
 (C:\Users\samer\AppData\Local\Programs\MiKTeX\tex/latex/graphics-def\pdftex.def
File: pdftex.def 2025/09/29 v1.2d Graphics/color driver for pdftex
))
\Gin@req@height=\dimen157
\Gin@req@width=\dimen158
) (C:\Users\samer\AppData\Local\Programs\MiKTeX\tex/latex/hyperref\hyperref.sty
Package: hyperref 2026-01-29 v7.01p Hypertext links for LaTeX
 (C:\Users\samer\AppData\Local\Programs\MiKTeX\tex/latex/kvsetkeys\kvsetkeys.sty
Package: kvsetkeys 2022-10-05 v1.19 Key value parser (HO)
) (C:\Users\samer\AppData\Local\Programs\MiKTeX\tex/generic/kvdefinekeys\kvdefinekeys.sty
Package: kvdefinekeys 2019-12-19 v1.6 Define keys (HO)
) (C:\Users\samer\AppData\Local\Programs\MiKTeX\tex/generic/pdfescape\pdfescape.sty
Package: pdfescape 2019/12/09 v1.15 Implements pdfTeX's escape features (HO)
 (C:\Users\samer\AppData\Local\Programs\MiKTeX\tex/generic/ltxcmds\ltxcmds.sty
Package: ltxcmds 2023-12-04 v1.26 LaTeX kernel commands for general use (HO)
) (C:\Users\samer\AppData\Local\Programs\MiKTeX\tex/generic/pdftexcmds\pdftexcmds.sty
Package: pdftexcmds 2020-06-27 v0.33 Utility functions of pdfTeX for LuaTeX (HO)
 (C:\Users\samer\AppData\Local\Programs\MiKTeX\tex/generic/infwarerr\infwarerr.sty
Package: infwarerr 2019/12/03 v1.5 Providing info/warning/error messages (HO)
)
Package pdftexcmds Info: \pdf@primitive is available.
Package pdftexcmds Info: \pdf@ifprimitive is available.
Package pdftexcmds Info: \pdfdraftmode found.
)) (C:\Users\samer\AppData\Local\Programs\MiKTeX\tex/latex/hycolor\hycolor.sty
Package: hycolor 2020-01-27 v1.10 Color options for hyperref/bookmark (HO)
) (C:\Users\samer\AppData\Local\Programs\MiKTeX\tex/latex/hyperref\nameref.sty
Package: nameref 2026-01-29 v2.58 Cross-referencing by name of section
 (C:\Users\samer\AppData\Local\Programs\MiKTeX\tex/latex/refcount\refcount.sty
Package: refcount 2019/12/15 v3.6 Data extraction from label references (HO)
) (C:\Users\samer\AppData\Local\Programs\MiKTeX\tex/generic/gettitlestring\gettitlestring.sty
Package: gettitlestring 2019/12/15 v1.6 Cleanup title references (HO)
 (C:\Users\samer\AppData\Local\Programs\MiKTeX\tex/latex/kvoptions\kvoptions.sty
Package: kvoptions 2022-06-15 v3.15 Key value format for package options (HO)
))
\c@section@level=\count286
) (C:\Users\samer\AppData\Local\Programs\MiKTeX\tex/latex/etoolbox\etoolbox.sty
Package: etoolbox 2025/10/02 v2.5m e-TeX tools for LaTeX (JAW)
\etb@tempcnta=\count287
) (C:\Users\samer\AppData\Local\Programs\MiKTeX\tex/generic/stringenc\stringenc.sty
Package: stringenc 2019/11/29 v1.12 Convert strings between diff. encodings (HO)
)
\@linkdim=\dimen159
\Hy@linkcounter=\count288
\Hy@pagecounter=\count289
 (C:\Users\samer\AppData\Local\Programs\MiKTeX\tex/latex/hyperref\pd1enc.def
File: pd1enc.def 2026-01-29 v7.01p Hyperref: PDFDocEncoding definition (HO)
Now handling font encoding PD1 ...
... no UTF-8 mapping file for font encoding PD1
) (C:\Users\samer\AppData\Local\Programs\MiKTeX\tex/generic/intcalc\intcalc.sty
Package: intcalc 2019/12/15 v1.3 Expandable calculations with integers (HO)
)
\Hy@SavedSpaceFactor=\count290
 (C:\Users\samer\AppData\Local\Programs\MiKTeX\tex/latex/hyperref\puenc.def
File: puenc.def 2026-01-29 v7.01p Hyperref: PDF Unicode definition (HO)
Now handling font encoding PU ...
... no UTF-8 mapping file for font encoding PU
)
Package hyperref Info: Hyper figures OFF on input line 4201.
Package hyperref Info: Link nesting OFF on input line 4206.
Package hyperref Info: Hyper index ON on input line 4209.
Package hyperref Info: Plain pages OFF on input line 4216.
Package hyperref Info: Backreferencing OFF on input line 4221.
Package hyperref Info: Implicit mode ON; LaTeX internals redefined.
Package hyperref Info: Bookmarks ON on input line 4468.
\c@Hy@tempcnt=\count291
 (C:\Users\samer\AppData\Local\Programs\MiKTeX\tex/latex/url\url.sty
\Urlmuskip=\muskip17
Package: url 2013/09/16  ver 3.4  Verb mode for urls, etc.
)
LaTeX Info: Redefining \url on input line 4807.
\XeTeXLinkMargin=\dimen160
 (C:\Users\samer\AppData\Local\Programs\MiKTeX\tex/generic/bitset\bitset.sty
Package: bitset 2019/12/09 v1.3 Handle bit-vector datatype (HO)
 (C:\Users\samer\AppData\Local\Programs\MiKTeX\tex/generic/bigintcalc\bigintcalc.sty
Package: bigintcalc 2019/12/15 v1.5 Expandable calculations on big integers (HO)
))
\Fld@menulength=\count292
\Field@Width=\dimen161
\Fld@charsize=\dimen162
Package hyperref Info: Hyper figures OFF on input line 6084.
Package hyperref Info: Link nesting OFF on input line 6089.
Package hyperref Info: Hyper index ON on input line 6092.
Package hyperref Info: backreferencing OFF on input line 6099.
Package hyperref Info: Link coloring OFF on input line 6104.
Package hyperref Info: Link coloring with OCG OFF on input line 6109.
Package hyperref Info: PDF/A mode OFF on input line 6114.
\Hy@abspage=\count293
\c@Item=\count294
\c@Hfootnote=\count295
)
Package hyperref Info: Driver (autodetected): hpdftex.
 (C:\Users\samer\AppData\Local\Programs\MiKTeX\tex/latex/hyperref\hpdftex.def
File: hpdftex.def 2026-01-29 v7.01p Hyperref driver for pdfTeX
\Fld@listcount=\count296
\c@bookmark@seq@number=\count297
 (C:\Users\samer\AppData\Local\Programs\MiKTeX\tex/latex/rerunfilecheck\rerunfilecheck.sty
Package: rerunfilecheck 2025-06-21 v1.11 Rerun checks for auxiliary files (HO)
 (C:\Users\samer\AppData\Local\Programs\MiKTeX\tex/generic/uniquecounter\uniquecounter.sty
Package: uniquecounter 2019/12/15 v1.4 Provide unlimited unique counter (HO)
)
Package uniquecounter Info: New unique counter `rerunfilecheck' on input line 284.
)
\Hy@SectionHShift=\skip51
) (C:\Users\samer\AppData\Local\Programs\MiKTeX\tex/latex/titlesec\titlesec.sty
Package: titlesec 2025/01/04 v2.17 Sectioning titles
\ttl@box=\box53
\beforetitleunit=\skip52
\aftertitleunit=\skip53
\ttl@plus=\dimen163
\ttl@minus=\dimen164
\ttl@toksa=\toks19
\titlewidth=\dimen165
\titlewidthlast=\dimen166
\titlewidthfirst=\dimen167
) (C:\Users\samer\AppData\Local\Programs\MiKTeX\tex/latex/fancyhdr\fancyhdr.sty
Package: fancyhdr 2025/02/07 v5.2 Extensive control of page headers and footers
\f@nch@headwidth=\skip54
\f@nch@offset@elh=\skip55
\f@nch@offset@erh=\skip56
\f@nch@offset@olh=\skip57
\f@nch@offset@orh=\skip58
\f@nch@offset@elf=\skip59
\f@nch@offset@erf=\skip60
\f@nch@offset@olf=\skip61
\f@nch@offset@orf=\skip62
\f@nch@height=\skip63
\f@nch@footalignment=\skip64
\f@nch@widthL=\skip65
\f@nch@widthC=\skip66
\f@nch@widthR=\skip67
\@temptokenb=\toks20
) (C:\Users\samer\AppData\Local\Programs\MiKTeX\tex/latex/datetime2\datetime2.sty
Package: datetime2 2021/03/21 v1.5.7 (NLCT) date and time formats
 (C:\Users\samer\AppData\Local\Programs\MiKTeX\tex/latex/tracklang\tracklang.sty
Package: tracklang 2025/03/11 v1.6.6 (NLCT) Track Languages
 (C:\Users\samer\AppData\Local\Programs\MiKTeX\tex/generic/tracklang\tracklang.tex)) (C:\Users\samer\AppData\Local\Programs\MiKTeX\tex/latex/xkeyval\xkeyval.sty
Package: xkeyval 2022/06/16 v2.9 package option processing (HA)
 (C:\Users\samer\AppData\Local\Programs\MiKTeX\tex/generic/xkeyval\xkeyval.tex (C:\Users\samer\AppData\Local\Programs\MiKTeX\tex/generic/xkeyval\xkvutils.tex
\XKV@toks=\toks21
\XKV@tempa@toks=\toks22
)
\XKV@depth=\count298
File: xkeyval.tex 2014/12/03 v2.7a key=value parser (HA)
))) (C:\Users\samer\AppData\Local\Programs\MiKTeX\tex/latex/float\float.sty
Package: float 2001/11/08 v1.3d Float enhancements (AL)
\c@float@type=\count299
\float@exts=\toks23
\float@box=\box54
\@float@everytoks=\toks24
\@floatcapt=\box55
) (C:\Users\samer\AppData\Local\Programs\MiKTeX\tex/latex/adjustbox\adjustbox.sty
Package: adjustbox 2025/02/26 v1.3c Adjusting TeX boxes (trim, clip, ...)
 (C:\Users\samer\AppData\Local\Programs\MiKTeX\tex/latex/adjustbox\adjcalc.sty
Package: adjcalc 2012/05/16 v1.1 Provides advanced setlength with multiple back-ends (calc, etex, pgfmath)
) (C:\Users\samer\AppData\Local\Programs\MiKTeX\tex/latex/adjustbox\trimclip.sty
Package: trimclip 2025/02/21 v1.2a Trim and clip general TeX material
 (C:\Users\samer\AppData\Local\Programs\MiKTeX\tex/latex/collectbox\collectbox.sty
Package: collectbox 2022/10/17 v0.4c Collect macro arguments as boxes
\collectedbox=\box56
)
\tc@llx=\dimen168
\tc@lly=\dimen169
\tc@urx=\dimen170
\tc@ury=\dimen171
Package trimclip Info: Using driver 'tc-pdftex.def'.
 (C:\Users\samer\AppData\Local\Programs\MiKTeX\tex/latex/adjustbox\tc-pdftex.def
File: tc-pdftex.def 2025/02/26 v2.3 Clipping driver for pdftex
))
\adjbox@Width=\dimen172
\adjbox@Height=\dimen173
\adjbox@Depth=\dimen174
\adjbox@Totalheight=\dimen175
\adjbox@pwidth=\dimen176
\adjbox@pheight=\dimen177
\adjbox@pdepth=\dimen178
\adjbox@ptotalheight=\dimen179
 (C:\Users\samer\AppData\Local\Programs\MiKTeX\tex/latex/ifoddpage\ifoddpage.sty
Package: ifoddpage 2022/10/18 v1.2 Conditionals for odd/even page detection
\c@checkoddpage=\count300
) (C:\Users\samer\AppData\Local\Programs\MiKTeX\tex/latex/varwidth\varwidth.sty
Package: varwidth 2009/03/30 ver 0.92;  Variable-width minipages
\@vwid@box=\box57
\sift@deathcycles=\count301
\@vwid@loff=\dimen180
\@vwid@roff=\dimen181
)
==> First Aid for varwidth.sty applied!
) (C:\Users\samer\AppData\Local\Programs\MiKTeX\tex/latex/graphics\rotating.sty
Package: rotating 2025/01/14 v2.16e rotated objects in LaTeX
 (C:\Users\samer\AppData\Local\Programs\MiKTeX\tex/latex/base\ifthen.sty
Package: ifthen 2024/03/16 v1.1e Standard LaTeX ifthen package (DPC)
)
\c@r@tfl@t=\count302
\rotFPtop=\skip68
\rotFPbot=\skip69
\rot@float@box=\box58
\rot@mess@toks=\toks25
) (C:\Users\samer\AppData\Local\Programs\MiKTeX\tex/latex/acronym\acronym.sty
Package: acronym 2025/01/17 v1.50 Support for acronyms (Tobias Oetiker)
 (C:\Users\samer\AppData\Local\Programs\MiKTeX\tex/latex/bigfoot\suffix.sty
Package: suffix 2006/07/15 1.5a Variant command support
) (C:\Users\samer\AppData\Local\Programs\MiKTeX\tex/latex/xstring\xstring.sty (C:\Users\samer\AppData\Local\Programs\MiKTeX\tex/generic/xstring\xstring.tex
\xs_counta=\count303
\xs_countb=\count304
)
Package: xstring 2023/08/22 v1.86 String manipulations (CT)
)
\AC@clearlist=\toks26
) (C:\Users\samer\AppData\Local\Programs\MiKTeX\tex/latex/caption\subcaption.sty
Package: subcaption 2023/07/28 v1.6b Sub-captions (AR)
 (C:\Users\samer\AppData\Local\Programs\MiKTeX\tex/latex/caption\caption.sty
Package: caption 2023/08/05 v3.6o Customizing captions (AR)
 (C:\Users\samer\AppData\Local\Programs\MiKTeX\tex/latex/caption\caption3.sty
Package: caption3 2023/07/31 v2.4d caption3 kernel (AR)
\caption@tempdima=\dimen182
\captionmargin=\dimen183
\caption@leftmargin=\dimen184
\caption@rightmargin=\dimen185
\caption@width=\dimen186
\caption@indent=\dimen187
\caption@parindent=\dimen188
\caption@hangindent=\dimen189
Package caption Info: Standard document class detected.
)
\c@caption@flags=\count305
\c@continuedfloat=\count306
Package caption Info: float package is loaded.
Package caption Info: hyperref package is loaded.
Package caption Info: rotating package is loaded.
)
Package caption Info: New subtype `subfigure' on input line 238.
\c@subfigure=\count307
Package caption Info: New subtype `subtable' on input line 238.
\c@subtable=\count308
) (C:\Users\samer\AppData\Local\Programs\MiKTeX\tex/latex/amsmath\amsmath.sty
Package: amsmath 2025/07/09 v2.17z AMS math features
\@mathmargin=\skip70

For additional information on amsmath, use the `?' option.
(C:\Users\samer\AppData\Local\Programs\MiKTeX\tex/latex/amsmath\amstext.sty
Package: amstext 2024/11/17 v2.01 AMS text
 (C:\Users\samer\AppData\Local\Programs\MiKTeX\tex/latex/amsmath\amsgen.sty
File: amsgen.sty 1999/11/30 v2.0 generic functions
\@emptytoks=\toks27
\ex@=\dimen190
)) (C:\Users\samer\AppData\Local\Programs\MiKTeX\tex/latex/amsmath\amsbsy.sty
Package: amsbsy 1999/11/29 v1.2d Bold Symbols
\pmbraise@=\dimen191
) (C:\Users\samer\AppData\Local\Programs\MiKTeX\tex/latex/amsmath\amsopn.sty
Package: amsopn 2022/04/08 v2.04 operator names
)
\inf@bad=\count309
LaTeX Info: Redefining \frac on input line 233.
\uproot@=\count310
\leftroot@=\count311
LaTeX Info: Redefining \overline on input line 398.
LaTeX Info: Redefining \colon on input line 409.
\classnum@=\count312
\DOTSCASE@=\count313
LaTeX Info: Redefining \ldots on input line 495.
LaTeX Info: Redefining \dots on input line 498.
LaTeX Info: Redefining \cdots on input line 619.
\Mathstrutbox@=\box59
\strutbox@=\box60
LaTeX Info: Redefining \big on input line 721.
LaTeX Info: Redefining \Big on input line 722.
LaTeX Info: Redefining \bigg on input line 723.
LaTeX Info: Redefining \Bigg on input line 724.
\big@size=\dimen192
LaTeX Font Info:    Redeclaring font encoding OML on input line 742.
LaTeX Font Info:    Redeclaring font encoding OMS on input line 743.
\macc@depth=\count314
LaTeX Info: Redefining \bmod on input line 904.
LaTeX Info: Redefining \pmod on input line 909.
LaTeX Info: Redefining \smash on input line 939.
LaTeX Info: Redefining \relbar on input line 969.
LaTeX Info: Redefining \Relbar on input line 970.
\c@MaxMatrixCols=\count315
\dotsspace@=\muskip18
\c@parentequation=\count316
\dspbrk@lvl=\count317
\tag@help=\toks28
\row@=\count318
\column@=\count319
\maxfields@=\count320
\andhelp@=\toks29
\eqnshift@=\dimen193
\alignsep@=\dimen194
\tagshift@=\dimen195
\tagwidth@=\dimen196
\totwidth@=\dimen197
\lineht@=\dimen198
\@envbody=\toks30
\multlinegap=\skip71
\multlinetaggap=\skip72
\mathdisplay@stack=\toks31
LaTeX Info: Redefining \[ on input line 2950.
LaTeX Info: Redefining \] on input line 2951.
) (C:\Users\samer\AppData\Local\Programs\MiKTeX\tex/latex/apacite\apacite.sty
Package: apacite 2013/07/21 v6.03 APA citation
\c@BibCnt=\count321
\bibleftmargin=\skip73
\bibindent=\skip74
\bibparsep=\skip75
\bibitemsep=\skip76
\biblabelsep=\skip77
) (C:\Users\samer\AppData\Local\Programs\MiKTeX\tex/latex/l3backend\l3backend-pdftex.def
File: l3backend-pdftex.def 2025-10-09 L3 backend support: PDF output (pdfTeX)
\l__color_backend_stack_int=\count322
) (Thesis.aux)
\openout1 = `Thesis.aux'.

LaTeX Font Info:    Checking defaults for OML/cmm/m/it on input line 56.
LaTeX Font Info:    ... okay on input line 56.
LaTeX Font Info:    Checking defaults for OMS/cmsy/m/n on input line 56.
LaTeX Font Info:    ... okay on input line 56.
LaTeX Font Info:    Checking defaults for OT1/cmr/m/n on input line 56.
LaTeX Font Info:    ... okay on input line 56.
LaTeX Font Info:    Checking defaults for T1/cmr/m/n on input line 56.
LaTeX Font Info:    ... okay on input line 56.
LaTeX Font Info:    Checking defaults for TS1/cmr/m/n on input line 56.
LaTeX Font Info:    ... okay on input line 56.
LaTeX Font Info:    Checking defaults for OMX/cmex/m/n on input line 56.
LaTeX Font Info:    ... okay on input line 56.
LaTeX Font Info:    Checking defaults for U/cmr/m/n on input line 56.
LaTeX Font Info:    ... okay on input line 56.
LaTeX Font Info:    Checking defaults for PD1/pdf/m/n on input line 56.
LaTeX Font Info:    ... okay on input line 56.
LaTeX Font Info:    Checking defaults for PU/pdf/m/n on input line 56.
LaTeX Font Info:    ... okay on input line 56.

*geometry* driver: auto-detecting
*geometry* detected driver: pdftex
*geometry* verbose mode - [ preamble ] result:
* driver: pdftex
* paper: a4paper
* layout: <same size as paper>
* layoutoffset:(h,v)=(0.0pt,0.0pt)
* modes: 
* h-part:(L,W,R)=(72.26999pt, 452.9679pt, 72.26999pt)
* v-part:(T,H,B)=(72.26999pt, 700.50687pt, 72.26999pt)
* \paperwidth=597.50787pt
* \paperheight=845.04684pt
* \textwidth=452.9679pt
* \textheight=700.50687pt
* \oddsidemargin=0.0pt
* \evensidemargin=0.0pt
* \topmargin=-37.0pt
* \headheight=15.0pt
* \headsep=25.0pt
* \topskip=12.0pt
* \footskip=30.0pt
* \marginparwidth=35.0pt
* \marginparsep=10.0pt
* \columnsep=10.0pt
* \skip\footins=10.8pt plus 4.0pt minus 2.0pt
* \hoffset=0.0pt
* \voffset=0.0pt
* \mag=1000
* \@twocolumnfalse
* \@twosidefalse
* \@mparswitchfalse
* \@reversemarginfalse
* (1in=72.27pt=25.4mm, 1cm=28.453pt)

(C:\Users\samer\AppData\Local\Programs\MiKTeX\tex/context/base/mkii\supp-pdf.mkii
[Loading MPS to PDF converter (version 2006.09.02).]
\scratchcounter=\count323
\scratchdimen=\dimen199
\scratchbox=\box61
\nofMPsegments=\count324
\nofMParguments=\count325
\everyMPshowfont=\toks32
\MPscratchCnt=\count326
\MPscratchDim=\dimen256
\MPnumerator=\count327
\makeMPintoPDFobject=\count328
\everyMPtoPDFconversion=\toks33
) (C:\Users\samer\AppData\Local\Programs\MiKTeX\tex/latex/epstopdf-pkg\epstopdf-base.sty
Package: epstopdf-base 2020-01-24 v2.11 Base part for package epstopdf
Package epstopdf-base Info: Redefining graphics rule for `.eps' on input line 485.
 (C:\Users\samer\AppData\Local\Programs\MiKTeX\tex/latex/00miktex\epstopdf-sys.cfg
File: epstopdf-sys.cfg 2021/03/18 v2.0 Configuration of epstopdf for MiKTeX
))
Package hyperref Info: Link coloring OFF on input line 56.
 (Thesis.out) (Thesis.out)
\@outlinefile=\write3
\openout3 = `Thesis.out'.

Package caption Info: Begin \AtBeginDocument code.
Package caption Info: End \AtBeginDocument code.
\c@maskedRefs=\count329
 (C:\Users\samer\AppData\Local\Programs\MiKTeX\tex/latex/apacite\english.apc
File: english.apc 2013/07/21 v6.03 apacite language file
LaTeX Info: Redefining \BPBI on input line 129.
LaTeX Info: Redefining \BHBI on input line 130.
) [1

{C:/Users/samer/AppData/Local/MiKTeX/fonts/map/pdftex/pdftex.map}]
Package acronym Info: Label `acro:QIUP' newly defined as it shall be overridden
although it is yet undefined on input line 101.
Package acronym Info: Label `acro:ANT' newly defined as it shall be overridden
although it is yet undefined on input line 103.
Package acronym Info: Label `acro:FFT' newly defined as it shall be overridden
although it is yet undefined on input line 103.

pdfTeX warning (ext4): destination with the same identifier (name{page.1}) has been already used, duplicate ignored
<to be read again> 
                   \relax 
l.105 \newpage
               [1] [2] (Thesis.toc [3] [4])
\tf@toc=\write4
\openout4 = `Thesis.toc'.

 [5] [6] [7] (Thesis.lof
Package acronym Info: Label `acro:KPZ101' newly defined as it shall be overridden
although it is yet undefined on input line 3.
Package acronym Info: Label `acro:KSG101' newly defined as it shall be overridden
although it is yet undefined on input line 4.
 [8])
\tf@lof=\write5
\openout5 = `Thesis.lof'.

 (Thesis.lot)
\tf@lot=\write6
\openout6 = `Thesis.lot'.

 [9]
Package acronym Info: Label `acro:TLC' newly defined as it shall be overridden
although it is yet undefined on input line 148.

c:/Users/samer/Desktop/NANO/ANT-Quantum-Imaging/Documentation/Thesis/Thesis.tex:151: Use of \@year@ doesn't match its definition.
\Y@quantum_delta ->\@year@ 0
                            
l.151 ...quantum technologies \cite{quantum_delta}
                                                  .
If you say, e.g., `\def\a1{...}', then you must always
put `1' after `\a', since control sequence names are
made up of letters only. The macro here has not been
followed by the required stuff, so I'm ignoring it.

Package acronym Info: Label `acro:PPLN' newly defined as it shall be overridden
although it is yet undefined on input line 162.
Package acronym Info: Label `acro:CMOS' newly defined as it shall be overridden
although it is yet undefined on input line 165.
<images/setup/demonstrator_setup.jpeg, id=625, 1032.85875pt x 662.475pt>
File: images/setup/demonstrator_setup.jpeg Graphic file (type jpg)
<use images/setup/demonstrator_setup.jpeg>
Package pdftex.def Info: images/setup/demonstrator_setup.jpeg  used on input line 171.
(pdftex.def)             Requested size: 452.9679pt x 290.52959pt.
<images/setup/setup_schematic.png, id=626, 685.05937pt x 240.14719pt>
File: images/setup/setup_schematic.png Graphic file (type png)
<use images/setup/setup_schematic.png>
Package pdftex.def Info: images/setup/setup_schematic.png  used on input line 175.
(pdftex.def)             Requested size: 452.9679pt x 158.79076pt.
[10]
Package acronym Info: Label `acro:SPDC' newly defined as it shall be overridden
although it is yet undefined on input line 184.
 [11 <./images/setup/demonstrator_setup.jpeg> <./images/setup/setup_schematic.png>]
c:/Users/samer/Desktop/NANO/ANT-Quantum-Imaging/Documentation/Thesis/Thesis.tex:197: Use of \@year@ doesn't match its definition.
\Y@ThorlabsThorCam ->\@year@ 0
                              
l.197 ...he images: Thorcam \cite{ThorlabsThorCam}
                                                   (left part of Figure \ref...
If you say, e.g., `\def\a1{...}', then you must always
put `1' after `\a', since control sequence names are
made up of letters only. The macro here has not been
followed by the required stuff, so I'm ignoring it.

c:/Users/samer/Desktop/NANO/ANT-Quantum-Imaging/Documentation/Thesis/Thesis.tex:197: Use of \@year@ doesn't match its definition.
\Y@ThorlabsKinesis ->\@year@ 0
                              
l.197 ...case}) and Kinesis \cite{ThorlabsKinesis}
                                                   (right part of Figure \re...
If you say, e.g., `\def\a1{...}', then you must always
put `1' after `\a', since control sequence names are
made up of letters only. The macro here has not been
followed by the required stuff, so I'm ignoring it.

<images/old_showcase.png, id=656, 1155.1155pt x 489.027pt>
File: images/old_showcase.png Graphic file (type png)
<use images/old_showcase.png>
Package pdftex.def Info: images/old_showcase.png  used on input line 203.
(pdftex.def)             Requested size: 362.37569pt x 153.41005pt.
[12 <./images/old_showcase.png>]
Package acronym Info: Label `acro:GUI' newly defined as it shall be overridden
although it is yet undefined on input line 227.
 [13]
Overfull \hbox (36.36017pt too wide) in paragraph at lines 254--255
[]\OT1/cmr/bx/n/12 Hardware Con-trol: \OT1/cmr/m/n/12 In-te-gra-tion with the Thor-labs piezo-elec-tric stage (KPZ101/KSG101)
 []

[14] [15]
c:/Users/samer/Desktop/NANO/ANT-Quantum-Imaging/Documentation/Thesis/Thesis.tex:279: Use of \@year@ doesn't match its definition.
\Y@NonlinearInterferometry ->\@year@ 0
                                      
l.279 ...oton pairs \cite{NonlinearInterferometry}
                                                  .
If you say, e.g., `\def\a1{...}', then you must always
put `1' after `\a', since control sequence names are
made up of letters only. The macro here has not been
followed by the required stuff, so I'm ignoring it.

c:/Users/samer/Desktop/NANO/ANT-Quantum-Imaging/Documentation/Thesis/Thesis.tex:282: Use of \@year@ doesn't match its definition.
\Y@lemos2014quantum ->\@year@ 0
                               
l.282 ...stem is \ac{SPDC} \cite{lemos2014quantum}
                                                  .
If you say, e.g., `\def\a1{...}', then you must always
put `1' after `\a', since control sequence names are
made up of letters only. The macro here has not been
followed by the required stuff, so I'm ignoring it.

c:/Users/samer/Desktop/NANO/ANT-Quantum-Imaging/Documentation/Thesis/Thesis.tex:283: Use of \@year@ doesn't match its definition.
\Y@NonlinearInterferometry ->\@year@ 0
                                      
l.283 ...gy photons \cite{NonlinearInterferometry}
                                                  . These newly created phot...
If you say, e.g., `\def\a1{...}', then you must always
put `1' after `\a', since control sequence names are
made up of letters only. The macro here has not been
followed by the required stuff, so I'm ignoring it.

c:/Users/samer/Desktop/NANO/ANT-Quantum-Imaging/Documentation/Thesis/Thesis.tex:286: Use of \@year@ doesn't match its definition.
\Y@lemos2014quantum ->\@year@ 0
                               
l.286 ...emos2014quantum, NonlinearInterferometry}
                                                  . The optical setup is con...
If you say, e.g., `\def\a1{...}', then you must always
put `1' after `\a', since control sequence names are
made up of letters only. The macro here has not been
followed by the required stuff, so I'm ignoring it.

c:/Users/samer/Desktop/NANO/ANT-Quantum-Imaging/Documentation/Thesis/Thesis.tex:286: Use of \@year@ doesn't match its definition.
\Y@NonlinearInterferometry ->\@year@ 0
                                      
l.286 ...emos2014quantum, NonlinearInterferometry}
                                                  . The optical setup is con...
If you say, e.g., `\def\a1{...}', then you must always
put `1' after `\a', since control sequence names are
made up of letters only. The macro here has not been
followed by the required stuff, so I'm ignoring it.

c:/Users/samer/Desktop/NANO/ANT-Quantum-Imaging/Documentation/Thesis/Thesis.tex:289: Use of \@year@ doesn't match its definition.
\Y@NonlinearInterferometry ->\@year@ 0
                                      
l.289 ...onlinearInterferometry, lemos2014quantum}
                                                  . By overlapping the infra...
If you say, e.g., `\def\a1{...}', then you must always
put `1' after `\a', since control sequence names are
made up of letters only. The macro here has not been
followed by the required stuff, so I'm ignoring it.

c:/Users/samer/Desktop/NANO/ANT-Quantum-Imaging/Documentation/Thesis/Thesis.tex:289: Use of \@year@ doesn't match its definition.
\Y@lemos2014quantum ->\@year@ 0
                               
l.289 ...onlinearInterferometry, lemos2014quantum}
                                                  . By overlapping the infra...
If you say, e.g., `\def\a1{...}', then you must always
put `1' after `\a', since control sequence names are
made up of letters only. The macro here has not been
followed by the required stuff, so I'm ignoring it.

c:/Users/samer/Desktop/NANO/ANT-Quantum-Imaging/Documentation/Thesis/Thesis.tex:289: Use of \@year@ doesn't match its definition.
\Y@lemos2014quantum ->\@year@ 0
                               
l.289 ...ton pair's origin \cite{lemos2014quantum}
                                                  . This spatial indistingui...
If you say, e.g., `\def\a1{...}', then you must always
put `1' after `\a', since control sequence names are
made up of letters only. The macro here has not been
followed by the required stuff, so I'm ignoring it.

c:/Users/samer/Desktop/NANO/ANT-Quantum-Imaging/Documentation/Thesis/Thesis.tex:289: Use of \@year@ doesn't match its definition.
\Y@pearce2023practical ->\@year@ 0
                                  
l.289 ...ce2023practical, NonlinearInterferometry}
                                                  .
If you say, e.g., `\def\a1{...}', then you must always
put `1' after `\a', since control sequence names are
made up of letters only. The macro here has not been
followed by the required stuff, so I'm ignoring it.

c:/Users/samer/Desktop/NANO/ANT-Quantum-Imaging/Documentation/Thesis/Thesis.tex:289: Use of \@year@ doesn't match its definition.
\Y@NonlinearInterferometry ->\@year@ 0
                                      
l.289 ...ce2023practical, NonlinearInterferometry}
                                                  .
If you say, e.g., `\def\a1{...}', then you must always
put `1' after `\a', since control sequence names are
made up of letters only. The macro here has not been
followed by the required stuff, so I'm ignoring it.

[16]
c:/Users/samer/Desktop/NANO/ANT-Quantum-Imaging/Documentation/Thesis/Thesis.tex:292: Use of \@year@ doesn't match its definition.
\Y@lemos2014quantum ->\@year@ 0
                               
l.292 ...aching a detector \cite{lemos2014quantum}
                                                  . Meanwhile, the visible s...
If you say, e.g., `\def\a1{...}', then you must always
put `1' after `\a', since control sequence names are
made up of letters only. The macro here has not been
followed by the required stuff, so I'm ignoring it.

c:/Users/samer/Desktop/NANO/ANT-Quantum-Imaging/Documentation/Thesis/Thesis.tex:292: Use of \@year@ doesn't match its definition.
\Y@kutas2021quantum ->\@year@ 0
                               
l.292 ...te{kutas2021quantum, pearce2023practical}
                                                  .
If you say, e.g., `\def\a1{...}', then you must always
put `1' after `\a', since control sequence names are
made up of letters only. The macro here has not been
followed by the required stuff, so I'm ignoring it.

c:/Users/samer/Desktop/NANO/ANT-Quantum-Imaging/Documentation/Thesis/Thesis.tex:292: Use of \@year@ doesn't match its definition.
\Y@pearce2023practical ->\@year@ 0
                                  
l.292 ...te{kutas2021quantum, pearce2023practical}
                                                  .
If you say, e.g., `\def\a1{...}', then you must always
put `1' after `\a', since control sequence names are
made up of letters only. The macro here has not been
followed by the required stuff, so I'm ignoring it.

c:/Users/samer/Desktop/NANO/ANT-Quantum-Imaging/Documentation/Thesis/Thesis.tex:296: Use of \@year@ doesn't match its definition.
\Y@SpectralLeakageEssentials ->\@year@ 0
                                        
l.296 ... quality \cite{SpectralLeakageEssentials}
                                                  .
If you say, e.g., `\def\a1{...}', then you must always
put `1' after `\a', since control sequence names are
made up of letters only. The macro here has not been
followed by the required stuff, so I'm ignoring it.

c:/Users/samer/Desktop/NANO/ANT-Quantum-Imaging/Documentation/Thesis/Thesis.tex:299: Use of \@year@ doesn't match its definition.
\Y@pearce2023practical ->\@year@ 0
                                  
l.299 ...m the \ac{FFT} \cite{pearce2023practical}
                                                  . The parameters are calcu...
If you say, e.g., `\def\a1{...}', then you must always
put `1' after `\a', since control sequence names are
made up of letters only. The macro here has not been
followed by the required stuff, so I'm ignoring it.

c:/Users/samer/Desktop/NANO/ANT-Quantum-Imaging/Documentation/Thesis/Thesis.tex:302: Use of \@year@ doesn't match its definition.
\Y@lemos2014quantum ->\@year@ 0
                               
l.302 ...emos2014quantum, NonlinearInterferometry}
                                                  . Visibility $V$ is calcul...
If you say, e.g., `\def\a1{...}', then you must always
put `1' after `\a', since control sequence names are
made up of letters only. The macro here has not been
followed by the required stuff, so I'm ignoring it.

c:/Users/samer/Desktop/NANO/ANT-Quantum-Imaging/Documentation/Thesis/Thesis.tex:302: Use of \@year@ doesn't match its definition.
\Y@NonlinearInterferometry ->\@year@ 0
                                      
l.302 ...emos2014quantum, NonlinearInterferometry}
                                                  . Visibility $V$ is calcul...
If you say, e.g., `\def\a1{...}', then you must always
put `1' after `\a', since control sequence names are
made up of letters only. The macro here has not been
followed by the required stuff, so I'm ignoring it.

[17]
c:/Users/samer/Desktop/NANO/ANT-Quantum-Imaging/Documentation/Thesis/Thesis.tex:307: Use of \@year@ doesn't match its definition.
\Y@pearce2023practical ->\@year@ 0
                                  
l.307 ...ixel intensity \cite{pearce2023practical}
                                                  .
If you say, e.g., `\def\a1{...}', then you must always
put `1' after `\a', since control sequence names are
made up of letters only. The macro here has not been
followed by the required stuff, so I'm ignoring it.

c:/Users/samer/Desktop/NANO/ANT-Quantum-Imaging/Documentation/Thesis/Thesis.tex:314: Use of \@year@ doesn't match its definition.
\Y@pearce2023practical ->\@year@ 0
                                  
l.314 ...cite{pearce2023practical, xie2018surface}
                                                  .
If you say, e.g., `\def\a1{...}', then you must always
put `1' after `\a', since control sequence names are
made up of letters only. The macro here has not been
followed by the required stuff, so I'm ignoring it.

c:/Users/samer/Desktop/NANO/ANT-Quantum-Imaging/Documentation/Thesis/Thesis.tex:314: Use of \@year@ doesn't match its definition.
\Y@xie2018surface ->\@year@ 0
                             
l.314 ...cite{pearce2023practical, xie2018surface}
                                                  .
If you say, e.g., `\def\a1{...}', then you must always
put `1' after `\a', since control sequence names are
made up of letters only. The macro here has not been
followed by the required stuff, so I'm ignoring it.

c:/Users/samer/Desktop/NANO/ANT-Quantum-Imaging/Documentation/Thesis/Thesis.tex:321: Use of \@year@ doesn't match its definition.
\Y@pearce2023practical ->\@year@ 0
                                  
l.321 ...ight detection \cite{pearce2023practical}
                                                  .
If you say, e.g., `\def\a1{...}', then you must always
put `1' after `\a', since control sequence names are
made up of letters only. The macro here has not been
followed by the required stuff, so I'm ignoring it.

[18]
<images/components/KPZ101.jpg, id=777, 782.925pt x 782.925pt>
File: images/components/KPZ101.jpg Graphic file (type jpg)
<use images/components/KPZ101.jpg>
Package pdftex.def Info: images/components/KPZ101.jpg  used on input line 334.
(pdftex.def)             Requested size: 203.83417pt x 203.83046pt.

c:/Users/samer/Desktop/NANO/ANT-Quantum-Imaging/Documentation/Thesis/Thesis.tex:338: Use of \@year@ doesn't match its definition.
\Y@ThorlabsKPZ101 ->\@year@ 0
                             
l.338 ... interference sweep \cite{ThorlabsKPZ101}
                                                  . The \ac{KPZ101} is visua...
If you say, e.g., `\def\a1{...}', then you must always
put `1' after `\a', since control sequence names are
made up of letters only. The macro here has not been
followed by the required stuff, so I'm ignoring it.

<images/components/KSG101.jpg, id=786, 782.925pt x 782.925pt>
File: images/components/KSG101.jpg Graphic file (type jpg)
<use images/components/KSG101.jpg>
Package pdftex.def Info: images/components/KSG101.jpg  used on input line 343.
(pdftex.def)             Requested size: 203.83417pt x 203.83046pt.
c:/Users/samer/Desktop/NANO/ANT-Quantum-Imaging/Documentation/Thesis/Thesis.tex:347: Use of \@year@ doesn't match its definitio